// Jest Snapshot v1, https://goo.gl/fbAQLP

exports[`Aside matches the snapshot 1`] = `
ShallowWrapper {
  "length": 1,
  Symbol(enzyme.__root__): [Circular],
  Symbol(enzyme.__unrendered__): <Aside
    movie={
        Object {
            "scroll": "Something about Star Wars",
            "title": "Star Wars",
            "year": 1983,
          }
    }
/>,
  Symbol(enzyme.__renderer__): Object {
    "batchedUpdates": [Function],
    "getNode": [Function],
    "render": [Function],
    "simulateEvent": [Function],
    "unmount": [Function],
  },
  Symbol(enzyme.__node__): Object {
    "instance": null,
    "key": undefined,
    "nodeType": "host",
    "props": Object {
      "children": Array [
        <p>
          Something about Star Wars
</p>,
        <p>
          Star Wars
</p>,
        <p>
          1983
</p>,
      ],
      "className": "aside",
    },
    "ref": null,
    "rendered": Array [
      Object {
        "instance": null,
        "key": undefined,
        "nodeType": "host",
        "props": Object {
          "children": "Something about Star Wars",
        },
        "ref": null,
        "rendered": "Something about Star Wars",
        "type": "p",
      },
      Object {
        "instance": null,
        "key": undefined,
        "nodeType": "host",
        "props": Object {
          "children": "Star Wars",
        },
        "ref": null,
        "rendered": "Star Wars",
        "type": "p",
      },
      Object {
        "instance": null,
        "key": undefined,
        "nodeType": "host",
        "props": Object {
          "children": 1983,
        },
        "ref": null,
        "rendered": 1983,
        "type": "p",
      },
    ],
    "type": "div",
  },
  Symbol(enzyme.__nodes__): Array [
    Object {
      "instance": null,
      "key": undefined,
      "nodeType": "host",
      "props": Object {
        "children": Array [
          <p>
            Something about Star Wars
</p>,
          <p>
            Star Wars
</p>,
          <p>
            1983
</p>,
        ],
        "className": "aside",
      },
      "ref": null,
      "rendered": Array [
        Object {
          "instance": null,
          "key": undefined,
          "nodeType": "host",
          "props": Object {
            "children": "Something about Star Wars",
          },
          "ref": null,
          "rendered": "Something about Star Wars",
          "type": "p",
        },
        Object {
          "instance": null,
          "key": undefined,
          "nodeType": "host",
          "props": Object {
            "children": "Star Wars",
          },
          "ref": null,
          "rendered": "Star Wars",
          "type": "p",
        },
        Object {
          "instance": null,
          "key": undefined,
          "nodeType": "host",
          "props": Object {
            "children": 1983,
          },
          "ref": null,
          "rendered": 1983,
          "type": "p",
        },
      ],
      "type": "div",
    },
  ],
  Symbol(enzyme.__options__): Object {
    "adapter": ReactSixteenAdapter {
      "options": Object {
        "enableComponentDidUpdateOnSetState": true,
      },
    },
  },
}
`;
